◇ injected env (4) from .env // tip: ⌘ enable debugging { debug: true }
🚀 Servidor rodando na porta 5000 
(node:9252) Warning: SECURITY WARNING: The SSL modes 'prefer', 'require', and 'verify-ca' are treated as aliases for 'verify-full'.
In the next major version (pg-connection-string v3.0.0 and pg v9.0.0), these modes will adopt standard libpq semantics, which have weaker security guarantees.

To prepare for this change:
- If you want the current behavior, explicitly use 'sslmode=verify-full'
- If you want libpq compatibility now, use 'uselibpqcompat=true&sslmode=require'

See https://www.postgresql.org/docs/current/libpq-ssl.html for libpq SSL mode definitions.
(Use `node --trace-warnings ...` to show where the warning was created)
✅ Tabelas criadas/actualizadas e admin semeado com sucesso.
✅ Base de dados inicializada com sucesso.
Error: Connection terminated due to connection timeout
    at C:\Users\geral\Desktop\ISABEL LOJA\node_modules\.pnpm\pg-pool@3.13.0_pg@8.20.0\node_modules\pg-pool\index.js:45:11
    at process.processTicksAndRejections (node:internal/process/task_queues:103:5)
    at async <anonymous> (C:\Users\geral\Desktop\ISABEL LOJA\artifacts\guia-lojas\server\routes\stores.ts:150:22) {
  [cause]: Error: Connection terminated unexpectedly
      at Connection.<anonymous> (C:\Users\geral\Desktop\ISABEL LOJA\node_modules\.pnpm\pg@8.20.0\node_modules\pg\lib\client.js:180:73)
      at Object.onceWrapper (node:events:622:28)
      at Connection.emit (node:events:508:28)
      at Socket.<anonymous> (C:\Users\geral\Desktop\ISABEL LOJA\node_modules\.pnpm\pg@8.20.0\node_modules\pg\lib\connection.js:61:12)
      at Socket.emit (node:events:520:35)
      at TCP.<anonymous> (node:net:346:12)
}
error: null value in column "id" of relation "products" violates not-null constraint
    at C:\Users\geral\Desktop\ISABEL LOJA\node_modules\.pnpm\pg-pool@3.13.0_pg@8.20.0\node_modules\pg-pool\index.js:45:11
    at process.processTicksAndRejections (node:internal/process/task_queues:103:5)
    at async <anonymous> (C:\Users\geral\Desktop\ISABEL LOJA\artifacts\guia-lojas\server\routes\products.ts:54:20) {
  length: 366,
  severity: 'ERROR',
  code: '23502',
  detail: 'Failing row contains (null, loja-1786889245933, test, 334.00, /api/media/image/AgACAgQAAyEGAATrCAMfAAM1aoHFGSsx-tXHL6kUCbZbZXy..., #f0f0f0, plsaane, null, 2026-08-16 14:12:51.328467+00, {}, AOA, [], f).',
  hint: undefined,
  position: undefined,
  internalPosition: undefined,
  internalQuery: undefined,
  where: undefined,
  schema: 'public',
  table: 'products',
  column: 'id',
  dataType: undefined,
  constraint: undefined,
  file: 'execMain.c',
  line: '2032',
  routine: 'ExecConstraints'
}
error: null value in column "id" of relation "products" violates not-null constraint
    at C:\Users\geral\Desktop\ISABEL LOJA\node_modules\.pnpm\pg-pool@3.13.0_pg@8.20.0\node_modules\pg-pool\index.js:45:11
    at process.processTicksAndRejections (node:internal/process/task_queues:103:5)
    at async <anonymous> (C:\Users\geral\Desktop\ISABEL LOJA\artifacts\guia-lojas\server\routes\products.ts:54:20) {
  length: 366,
  severity: 'ERROR',
  code: '23502',
  detail: 'Failing row contains (null, loja-1786889245933, test, 334.00, /api/media/image/AgACAgQAAyEGAATrCAMfAAM1aoHFGSsx-tXHL6kUCbZbZXy..., #f0f0f0, plsaane, null, 2026-08-16 14:13:01.891936+00, {}, AOA, [], f).',
  hint: undefined,
  position: undefined,
  internalPosition: undefined,
  internalQuery: undefined,
  where: undefined,
  schema: 'public',
  table: 'products',
  column: 'id',
  dataType: undefined,
  constraint: undefined,
  file: 'execMain.c',
  line: '2032',
  routine: 'ExecConstraints'
}
Error: Connection terminated due to connection timeout
    at C:\Users\geral\Desktop\ISABEL LOJA\node_modules\.pnpm\pg-pool@3.13.0_pg@8.20.0\node_modules\pg-pool\index.js:45:11
    at process.processTicksAndRejections (node:internal/process/task_queues:103:5)
    at async <anonymous> (C:\Users\geral\Desktop\ISABEL LOJA\artifacts\guia-lojas\server\routes\stores.ts:150:22) {
  [cause]: Error: Connection terminated unexpectedly
      at Connection.<anonymous> (C:\Users\geral\Desktop\ISABEL LOJA\node_modules\.pnpm\pg@8.20.0\node_modules\pg\lib\client.js:180:73)
      at Object.onceWrapper (node:events:622:28)
      at Connection.emit (node:events:508:28)
      at Socket.<anonymous> (C:\Users\geral\Desktop\ISABEL LOJA\node_modules\.pnpm\pg@8.20.0\node_modules\pg\lib\connection.js:61:12)
      at Socket.emit (node:events:520:35)
      at TCP.<anonymous> (node:net:346:12)
}
Error: Connection terminated due to connection timeout
    at C:\Users\geral\Desktop\ISABEL LOJA\node_modules\.pnpm\pg-pool@3.13.0_pg@8.20.0\node_modules\pg-pool\index.js:45:11
    at process.processTicksAndRejections (node:internal/process/task_queues:103:5)
    at async <anonymous> (C:\Users\geral\Desktop\ISABEL LOJA\artifacts\guia-lojas\server\routes\stores.ts:118:20) {
  [cause]: Error: Connection terminated unexpectedly
      at Connection.<anonymous> (C:\Users\geral\Desktop\ISABEL LOJA\node_modules\.pnpm\pg@8.20.0\node_modules\pg\lib\client.js:180:73)
      at Object.onceWrapper (node:events:622:28)
      at Connection.emit (node:events:508:28)
      at Socket.<anonymous> (C:\Users\geral\Desktop\ISABEL LOJA\node_modules\.pnpm\pg@8.20.0\node_modules\pg\lib\connection.js:61:12)
      at Socket.emit (node:events:520:35)
      at TCP.<anonymous> (node:net:346:12)
}
Error: Connection terminated due to connection timeout
    at C:\Users\geral\Desktop\ISABEL LOJA\node_modules\.pnpm\pg-pool@3.13.0_pg@8.20.0\node_modules\pg-pool\index.js:45:11
    at process.processTicksAndRejections (node:internal/process/task_queues:103:5)
    at async <anonymous> (C:\Users\geral\Desktop\ISABEL LOJA\artifacts\guia-lojas\server\routes\stores.ts:118:20) {
  [cause]: Error: Connection terminated unexpectedly
      at Connection.<anonymous> (C:\Users\geral\Desktop\ISABEL LOJA\node_modules\.pnpm\pg@8.20.0\node_modules\pg\lib\client.js:180:73)
      at Object.onceWrapper (node:events:622:28)
      at Connection.emit (node:events:508:28)
      at Socket.<anonymous> (C:\Users\geral\Desktop\ISABEL LOJA\node_modules\.pnpm\pg@8.20.0\node_modules\pg\lib\connection.js:61:12)
      at Socket.emit (node:events:520:35)
      at TCP.<anonymous> (node:net:346:12)
}
Error: Connection terminated due to connection timeout
    at C:\Users\geral\Desktop\ISABEL LOJA\node_modules\.pnpm\pg-pool@3.13.0_pg@8.20.0\node_modules\pg-pool\index.js:45:11
    at process.processTicksAndRejections (node:internal/process/task_queues:103:5)
    at async <anonymous> (C:\Users\geral\Desktop\ISABEL LOJA\artifacts\guia-lojas\server\routes\stores.ts:150:22) {
  [cause]: Error: Connection terminated unexpectedly
      at Connection.<anonymous> (C:\Users\geral\Desktop\ISABEL LOJA\node_modules\.pnpm\pg@8.20.0\node_modules\pg\lib\client.js:180:73)
      at Object.onceWrapper (node:events:622:28)
      at Connection.emit (node:events:508:28)
      at Socket.<anonymous> (C:\Users\geral\Desktop\ISABEL LOJA\node_modules\.pnpm\pg@8.20.0\node_modules\pg\lib\connection.js:61:12)
      at Socket.emit (node:events:520:35)
      at TCP.<anonymous> (node:net:346:12)
}
error: null value in column "id" of relation "products" violates not-null constraint
    at C:\Users\geral\Desktop\ISABEL LOJA\node_modules\.pnpm\pg-pool@3.13.0_pg@8.20.0\node_modules\pg-pool\index.js:45:11
    at process.processTicksAndRejections (node:internal/process/task_queues:103:5)
    at async <anonymous> (C:\Users\geral\Desktop\ISABEL LOJA\artifacts\guia-lojas\server\routes\products.ts:54:20) {
  length: 445,
  severity: 'ERROR',
  code: '23502',
  detail: 'Failing row contains (null, loja-1786889245933, jhjkhkjhjk, 444.00, /api/media/image/AgACAgQAAyEGAATrCAMfAAM1aoHFGSsx-tXHL6kUCbZbZXy..., #f0f0f0, Pedidos de Casamento, Noivados e Momentos Românticos, Criador de Pedidos de Casamento, 2026-08-16 14:21:18.690733+00, {}, AOA, [], f).',
  hint: undefined,
  position: undefined,
  internalPosition: undefined,
  internalQuery: undefined,
  where: undefined,
  schema: 'public',
  table: 'products',
  column: 'id',
  dataType: undefined,
  constraint: undefined,
  file: 'execMain.c',
  line: '2032',
  routine: 'ExecConstraints'
}
Error: Connection terminated due to connection timeout
    at C:\Users\geral\Desktop\ISABEL LOJA\node_modules\.pnpm\pg-pool@3.13.0_pg@8.20.0\node_modules\pg-pool\index.js:45:11
    at process.processTicksAndRejections (node:internal/process/task_queues:103:5)
    at async <anonymous> (C:\Users\geral\Desktop\ISABEL LOJA\artifacts\guia-lojas\server\routes\stores.ts:150:22) {
  [cause]: Error: Connection terminated unexpectedly
      at Connection.<anonymous> (C:\Users\geral\Desktop\ISABEL LOJA\node_modules\.pnpm\pg@8.20.0\node_modules\pg\lib\client.js:180:73)
      at Object.onceWrapper (node:events:622:28)
      at Connection.emit (node:events:508:28)
      at Socket.<anonymous> (C:\Users\geral\Desktop\ISABEL LOJA\node_modules\.pnpm\pg@8.20.0\node_modules\pg\lib\connection.js:61:12)
      at Socket.emit (node:events:520:35)
      at TCP.<anonymous> (node:net:346:12)
}
Error: Connection terminated due to connection timeout
    at C:\Users\geral\Desktop\ISABEL LOJA\node_modules\.pnpm\pg-pool@3.13.0_pg@8.20.0\node_modules\pg-pool\index.js:45:11
    at process.processTicksAndRejections (node:internal/process/task_queues:103:5)
    at async <anonymous> (C:\Users\geral\Desktop\ISABEL LOJA\artifacts\guia-lojas\server\routes\stores.ts:150:22) {
  [cause]: Error: Connection terminated unexpectedly
      at Connection.<anonymous> (C:\Users\geral\Desktop\ISABEL LOJA\node_modules\.pnpm\pg@8.20.0\node_modules\pg\lib\client.js:180:73)
      at Object.onceWrapper (node:events:622:28)
      at Connection.emit (node:events:508:28)
      at Socket.<anonymous> (C:\Users\geral\Desktop\ISABEL LOJA\node_modules\.pnpm\pg@8.20.0\node_modules\pg\lib\connection.js:61:12)
      at Socket.emit (node:events:520:35)
      at TCP.<anonymous> (node:net:346:12)
}

C:\Users\geral\Desktop\ISABEL LOJA\artifacts\guia-lojas>