
> @workspace/guia-lojas@0.0.0 dev C:\Users\geral\Desktop\ISABEL LOJA\artifacts\guia-lojas
> vite --config vite.config.ts --host 0.0.0.0


  [32m[1mVITE[22m v7.3.3[39m  [2mready in [0m[1m1371[22m[2m[0m ms[22m

  [32m➜[39m  [1mLocal[22m:   [36mhttp://localhost:[1m3000[22m/[39m
  [32m➜[39m  [1mNetwork[22m: [36mhttp://192.168.0.57:[1m3000[22m/[39m
  [32m➜[39m  [1mNetwork[22m: [36mhttp://172.31.32.1:[1m3000[22m/[39m
[2m[32m  ➜[39m[22m[2m  press [22m[1mh + enter[22m[2m to show help[22m
[2m11:06:00[22m [31m[1m[vite][22m[39m [31mhttp proxy error: /api/stores?[39m
AggregateError [ECONNREFUSED]: 
    at internalConnectMultiple (node:net:1134:18)
    at afterConnectMultiple (node:net:1715:7)
[2m11:06:00[22m [31m[1m[vite][22m[39m [31mhttp proxy error: /api/categories[39m
AggregateError [ECONNREFUSED]: 
    at internalConnectMultiple (node:net:1134:18)
    at afterConnectMultiple (node:net:1715:7)
[2m11:06:00[22m [31m[1m[vite][22m[39m [31mhttp proxy error: /api/stats[39m
AggregateError [ECONNREFUSED]: 
    at internalConnectMultiple (node:net:1134:18)
    at afterConnectMultiple (node:net:1715:7)
[RUNTIME_ERROR]{"type":"runtime-error","timestamp":1786874760903,"name":"Error","message":"Failed to connect to MetaMask","stack":"    at Object.connect (chrome-extension://ejbalbakoplchlghecdalmeeeajnimhm/scripts/inpage.js:7:84179)"}
[RUNTIME_ERROR]{"type":"runtime-error","timestamp":1786874760904,"name":"Error","message":"Failed to connect to MetaMask","stack":"    at Object.connect (chrome-extension://ejbalbakoplchlghecdalmeeeajnimhm/scripts/inpage.js:7:84179)"}
[2m11:06:01[22m [31m[1m[vite][22m[39m [31mhttp proxy error: /api/stores?[39m
AggregateError [ECONNREFUSED]: 
    at internalConnectMultiple (node:net:1134:18)
    at afterConnectMultiple (node:net:1715:7)
[2m11:06:01[22m [31m[1m[vite][22m[39m [31mhttp proxy error: /api/categories[39m
AggregateError [ECONNREFUSED]: 
    at internalConnectMultiple (node:net:1134:18)
    at afterConnectMultiple (node:net:1715:7)
[2m11:06:01[22m [31m[1m[vite][22m[39m [31mhttp proxy error: /api/stats[39m
AggregateError [ECONNREFUSED]: 
    at internalConnectMultiple (node:net:1134:18)
    at afterConnectMultiple (node:net:1715:7)
[2m11:06:03[22m [31m[1m[vite][22m[39m [31mhttp proxy error: /api/stores?[39m
AggregateError [ECONNREFUSED]: 
    at internalConnectMultiple (node:net:1134:18)
    at afterConnectMultiple (node:net:1715:7)
[2m11:06:03[22m [31m[1m[vite][22m[39m [31mhttp proxy error: /api/categories[39m
AggregateError [ECONNREFUSED]: 
    at internalConnectMultiple (node:net:1134:18)
    at afterConnectMultiple (node:net:1715:7)
[2m11:06:03[22m [31m[1m[vite][22m[39m [31mhttp proxy error: /api/stats[39m
AggregateError [ECONNREFUSED]: 
    at internalConnectMultiple (node:net:1134:18)
    at afterConnectMultiple (node:net:1715:7)
[2m11:09:27[22m [31m[1m[vite][22m[39m [31mhttp proxy error: /api/stores?[39m
AggregateError [ECONNREFUSED]: 
    at internalConnectMultiple (node:net:1134:18)
    at afterConnectMultiple (node:net:1715:7)
[2m11:09:27[22m [31m[1m[vite][22m[39m [31mhttp proxy error: /api/categories[39m
AggregateError [ECONNREFUSED]: 
    at internalConnectMultiple (node:net:1134:18)
    at afterConnectMultiple (node:net:1715:7)
[2m11:09:27[22m [31m[1m[vite][22m[39m [31mhttp proxy error: /api/stats[39m
AggregateError [ECONNREFUSED]: 
    at internalConnectMultiple (node:net:1134:18)
    at afterConnectMultiple (node:net:1715:7)
[2m11:09:30[22m [31m[1m[vite][22m[39m [31mhttp proxy error: /api/stores?[39m
AggregateError [ECONNREFUSED]: 
    at internalConnectMultiple (node:net:1134:18)
    at afterConnectMultiple (node:net:1715:7)
[2m11:09:30[22m [31m[1m[vite][22m[39m [31mhttp proxy error: /api/categories[39m
AggregateError [ECONNREFUSED]: 
    at internalConnectMultiple (node:net:1134:18)
    at afterConnectMultiple (node:net:1715:7)
[2m11:09:30[22m [31m[1m[vite][22m[39m [31mhttp proxy error: /api/stats[39m
AggregateError [ECONNREFUSED]: 
    at internalConnectMultiple (node:net:1134:18)
    at afterConnectMultiple (node:net:1715:7)
[2m11:09:32[22m [31m[1m[vite][22m[39m [31mhttp proxy error: /api/stores?[39m
AggregateError [ECONNREFUSED]: 
    at internalConnectMultiple (node:net:1134:18)
    at afterConnectMultiple (node:net:1715:7)
[2m11:09:32[22m [31m[1m[vite][22m[39m [31mhttp proxy error: /api/categories[39m
AggregateError [ECONNREFUSED]: 
    at internalConnectMultiple (node:net:1134:18)
    at afterConnectMultiple (node:net:1715:7)
[2m11:09:32[22m [31m[1m[vite][22m[39m [31mhttp proxy error: /api/stats[39m
AggregateError [ECONNREFUSED]: 
    at internalConnectMultiple (node:net:1134:18)
    at afterConnectMultiple (node:net:1715:7)
[2m11:09:34[22m [31m[1m[vite][22m[39m [31mhttp proxy error: /api/stores?[39m
AggregateError [ECONNREFUSED]: 
    at internalConnectMultiple (node:net:1134:18)
    at afterConnectMultiple (node:net:1715:7)
[2m11:09:34[22m [31m[1m[vite][22m[39m [31mhttp proxy error: /api/categories[39m
AggregateError [ECONNREFUSED]: 
    at internalConnectMultiple (node:net:1134:18)
    at afterConnectMultiple (node:net:1715:7)
[2m11:09:34[22m [31m[1m[vite][22m[39m [31mhttp proxy error: /api/stats[39m
AggregateError [ECONNREFUSED]: 
    at internalConnectMultiple (node:net:1134:18)
    at afterConnectMultiple (node:net:1715:7)
[2m11:09:37[22m [31m[1m[vite][22m[39m [31mhttp proxy error: /api/stores?[39m
AggregateError [ECONNREFUSED]: 
    at internalConnectMultiple (node:net:1134:18)
    at afterConnectMultiple (node:net:1715:7)
[2m11:09:37[22m [31m[1m[vite][22m[39m [31mhttp proxy error: /api/categories[39m
AggregateError [ECONNREFUSED]: 
    at internalConnectMultiple (node:net:1134:18)
    at afterConnectMultiple (node:net:1715:7)
[2m11:09:37[22m [31m[1m[vite][22m[39m [31mhttp proxy error: /api/stats[39m
AggregateError [ECONNREFUSED]: 
    at internalConnectMultiple (node:net:1134:18)
    at afterConnectMultiple (node:net:1715:7)
[2m11:09:38[22m [31m[1m[vite][22m[39m [31mhttp proxy error: /api/stores?[39m
AggregateError [ECONNREFUSED]: 
    at internalConnectMultiple (node:net:1134:18)
    at afterConnectMultiple (node:net:1715:7)
[2m11:09:38[22m [31m[1m[vite][22m[39m [31mhttp proxy error: /api/categories[39m
AggregateError [ECONNREFUSED]: 
    at internalConnectMultiple (node:net:1134:18)
    at afterConnectMultiple (node:net:1715:7)
[2m11:09:38[22m [31m[1m[vite][22m[39m [31mhttp proxy error: /api/stats[39m
AggregateError [ECONNREFUSED]: 
    at internalConnectMultiple (node:net:1134:18)
    at afterConnectMultiple (node:net:1715:7)
[2m11:09:40[22m [31m[1m[vite][22m[39m [31mhttp proxy error: /api/stores?[39m
AggregateError [ECONNREFUSED]: 
    at internalConnectMultiple (node:net:1134:18)
    at afterConnectMultiple (node:net:1715:7)
[2m11:09:40[22m [31m[1m[vite][22m[39m [31mhttp proxy error: /api/categories[39m
AggregateError [ECONNREFUSED]: 
    at internalConnectMultiple (node:net:1134:18)
    at afterConnectMultiple (node:net:1715:7)
[2m11:09:40[22m [31m[1m[vite][22m[39m [31mhttp proxy error: /api/stats[39m
AggregateError [ECONNREFUSED]: 
    at internalConnectMultiple (node:net:1134:18)
    at afterConnectMultiple (node:net:1715:7)
[2m11:09:41[22m [31m[1m[vite][22m[39m [31mhttp proxy error: /api/stores/loja-1780081579085[39m
AggregateError [ECONNREFUSED]: 
    at internalConnectMultiple (node:net:1134:18)
    at afterConnectMultiple (node:net:1715:7)
[2m11:09:41[22m [31m[1m[vite][22m[39m [31mhttp proxy error: /api/auth/status/12[39m
AggregateError [ECONNREFUSED]: 
    at internalConnectMultiple (node:net:1134:18)
    at afterConnectMultiple (node:net:1715:7)
[2m11:09:42[22m [31m[1m[vite][22m[39m [31mhttp proxy error: /api/stores/loja-1780081579085[39m
AggregateError [ECONNREFUSED]: 
    at internalConnectMultiple (node:net:1134:18)
    at afterConnectMultiple (node:net:1715:7)
[2m11:09:44[22m [31m[1m[vite][22m[39m [31mhttp proxy error: /api/auth/login[39m
AggregateError [ECONNREFUSED]: 
    at internalConnectMultiple (node:net:1134:18)
    at afterConnectMultiple (node:net:1715:7)
[2m11:09:44[22m [31m[1m[vite][22m[39m [31mhttp proxy error: /api/categories[39m
AggregateError [ECONNREFUSED]: 
    at internalConnectMultiple (node:net:1134:18)
    at afterConnectMultiple (node:net:1715:7)
[2m11:09:46[22m [31m[1m[vite][22m[39m [31mhttp proxy error: /api/auth/login[39m
AggregateError [ECONNREFUSED]: 
    at internalConnectMultiple (node:net:1134:18)
    at afterConnectMultiple (node:net:1715:7)
[RUNTIME_ERROR]{"type":"runtime-error","timestamp":1786874987063,"name":"Error","message":"Failed to connect to MetaMask","stack":"    at Object.connect (chrome-extension://ejbalbakoplchlghecdalmeeeajnimhm/scripts/inpage.js:7:84179)"}
[RUNTIME_ERROR]{"type":"runtime-error","timestamp":1786874987064,"name":"Error","message":"Failed to connect to MetaMask","stack":"    at Object.connect (chrome-extension://ejbalbakoplchlghecdalmeeeajnimhm/scripts/inpage.js:7:84179)"}
[2m11:09:47[22m [31m[1m[vite][22m[39m [31mhttp proxy error: /api/stores?[39m
AggregateError [ECONNREFUSED]: 
    at internalConnectMultiple (node:net:1134:18)
    at afterConnectMultiple (node:net:1715:7)
[2m11:09:47[22m [31m[1m[vite][22m[39m [31mhttp proxy error: /api/categories[39m
AggregateError [ECONNREFUSED]: 
    at internalConnectMultiple (node:net:1134:18)
    at afterConnectMultiple (node:net:1715:7)
[2m11:09:47[22m [31m[1m[vite][22m[39m [31mhttp proxy error: /api/stats[39m
AggregateError [ECONNREFUSED]: 
    at internalConnectMultiple (node:net:1134:18)
    at afterConnectMultiple (node:net:1715:7)
[2m11:09:48[22m [31m[1m[vite][22m[39m [31mhttp proxy error: /api/stores?[39m
AggregateError [ECONNREFUSED]: 
    at internalConnectMultiple (node:net:1134:18)
    at afterConnectMultiple (node:net:1715:7)
[2m11:09:48[22m [31m[1m[vite][22m[39m [31mhttp proxy error: /api/categories[39m
AggregateError [ECONNREFUSED]: 
    at internalConnectMultiple (node:net:1134:18)
    at afterConnectMultiple (node:net:1715:7)
[2m11:09:48[22m [31m[1m[vite][22m[39m [31mhttp proxy error: /api/stats[39m
AggregateError [ECONNREFUSED]: 
    at internalConnectMultiple (node:net:1134:18)
    at afterConnectMultiple (node:net:1715:7)
[2m11:09:50[22m [31m[1m[vite][22m[39m [31mhttp proxy error: /api/stores?[39m
AggregateError [ECONNREFUSED]: 
    at internalConnectMultiple (node:net:1134:18)
    at afterConnectMultiple (node:net:1715:7)
[2m11:09:50[22m [31m[1m[vite][22m[39m [31mhttp proxy error: /api/categories[39m
AggregateError [ECONNREFUSED]: 
    at internalConnectMultiple (node:net:1134:18)
    at afterConnectMultiple (node:net:1715:7)
[2m11:09:50[22m [31m[1m[vite][22m[39m [31mhttp proxy error: /api/stats[39m
AggregateError [ECONNREFUSED]: 
    at internalConnectMultiple (node:net:1134:18)
    at afterConnectMultiple (node:net:1715:7)
[2m11:09:54[22m [31m[1m[vite][22m[39m [31mhttp proxy error: /api/stores?[39m
AggregateError [ECONNREFUSED]: 
    at internalConnectMultiple (node:net:1134:18)
    at afterConnectMultiple (node:net:1715:7)
[2m11:09:54[22m [31m[1m[vite][22m[39m [31mhttp proxy error: /api/categories[39m
AggregateError [ECONNREFUSED]: 
    at internalConnectMultiple (node:net:1134:18)
    at afterConnectMultiple (node:net:1715:7)
[2m11:09:54[22m [31m[1m[vite][22m[39m [31mhttp proxy error: /api/stats[39m
AggregateError [ECONNREFUSED]: 
    at internalConnectMultiple (node:net:1134:18)
    at afterConnectMultiple (node:net:1715:7)
[2m11:09:59[22m [31m[1m[vite][22m[39m [31mhttp proxy error: /api/categories[39m
AggregateError [ECONNREFUSED]: 
    at internalConnectMultiple (node:net:1134:18)
    at afterConnectMultiple (node:net:1715:7)
[2m11:10:01[22m [31m[1m[vite][22m[39m [31mhttp proxy error: /api/auth/login[39m
AggregateError [ECONNREFUSED]: 
    at internalConnectMultiple (node:net:1134:18)
    at afterConnectMultiple (node:net:1715:7)
[2m11:10:08[22m [31m[1m[vite][22m[39m [31mhttp proxy error: /api/auth/login[39m
AggregateError [ECONNREFUSED]: 
    at internalConnectMultiple (node:net:1134:18)
    at afterConnectMultiple (node:net:1715:7)
[2m11:10:09[22m [31m[1m[vite][22m[39m [31mhttp proxy error: /api/auth/login[39m
AggregateError [ECONNREFUSED]: 
    at internalConnectMultiple (node:net:1134:18)
    at afterConnectMultiple (node:net:1715:7)
[2m11:10:12[22m [31m[1m[vite][22m[39m [31mhttp proxy error: /api/auth/login[39m
AggregateError [ECONNREFUSED]: 
    at internalConnectMultiple (node:net:1134:18)
    at afterConnectMultiple (node:net:1715:7)
[2m11:10:12[22m [31m[1m[vite][22m[39m [31mhttp proxy error: /api/auth/login[39m
AggregateError [ECONNREFUSED]: 
    at internalConnectMultiple (node:net:1134:18)
    at afterConnectMultiple (node:net:1715:7)
[2m11:10:13[22m [31m[1m[vite][22m[39m [31mhttp proxy error: /api/auth/login[39m
AggregateError [ECONNREFUSED]: 
    at internalConnectMultiple (node:net:1134:18)
    at afterConnectMultiple (node:net:1715:7)
[2m11:10:13[22m [31m[1m[vite][22m[39m [31mhttp proxy error: /api/auth/login[39m
AggregateError [ECONNREFUSED]: 
    at internalConnectMultiple (node:net:1134:18)
    at afterConnectMultiple (node:net:1715:7)
[2m11:10:13[22m [31m[1m[vite][22m[39m [31mhttp proxy error: /api/auth/login[39m
AggregateError [ECONNREFUSED]: 
    at internalConnectMultiple (node:net:1134:18)
    at afterConnectMultiple (node:net:1715:7)
[2m11:12:43[22m [31m[1m[vite][22m[39m [31mhttp proxy error: /api/categories[39m
AggregateError [ECONNREFUSED]: 
    at internalConnectMultiple (node:net:1134:18)
    at afterConnectMultiple (node:net:1715:7)
