{
  "wallTime": 13,
  "cpuTime": 10,
  "truncated": false,
  "executionModel": "stateless",
  "outcome": "ok",
  "scriptVersion": {
    "id": "889928a3-f398-4675-868f-18e57f09d8ad"
  },
  "scriptName": "isabel-api",
  "diagnosticsChannelEvents": [],
  "exceptions": [],
  "logs": [],
  "eventTimestamp": 1791467918947,
  "event": {
    "request": {
      "url": "https://isabel-api.chiquembaines.workers.dev/",
      "method": "GET",
      "headers": {
        "accept": "text/html,application/xhtml+xml,application/xml;q=0.9,image/avif,image/webp,image/apng,*/*;q=0.8,application/signed-exchange;v=b3;q=0.7",
        "accept-encoding": "gzip, br",
        "accept-language": "pt-PT,pt;q=0.9,pt-BR;q=0.8,en;q=0.7,en-US;q=0.6,en-GB;q=0.5,pt-CH;q=0.4,pt-AO;q=0.3",
        "cf-connecting-ip": "105.168.36.48",
        "cf-ipcountry": "AO",
        "cf-ray": "a475a95cfa58d1fa",
        "cf-visitor": "{\"scheme\":\"https\"}",
        "connection": "Keep-Alive",
        "dnt": "1",
        "host": "isabel-api.chiquembaines.workers.dev",
        "priority": "u=0, i",
        "sec-ch-ua": "\"Chromium\";v=\"154\", \"Microsoft Edge\";v=\"154\", \"Not A(Brand\";v=\"99\"",
        "sec-ch-ua-mobile": "?0",
        "sec-ch-ua-platform": "\"Windows\"",
        "sec-fetch-dest": "document",
        "sec-fetch-mode": "navigate",
        "sec-fetch-site": "cross-site",
        "sec-fetch-user": "?1",
        "upgrade-insecure-requests": "1",
        "user-agent": "Mozilla/5.0 (Windows NT 10.0; Win64; x64) AppleWebKit/537.36 (KHTML, like Gecko) Chrome/154.0.0.0 Safari/537.36 Edg/154.0.0.0",
        "x-forwarded-proto": "https",
        "x-real-ip": "105.168.36.48"
      },
      "cf": {
        "httpProtocol": "HTTP/2",
        "clientAcceptEncoding": "gzip, deflate, br",
        "requestPriority": "weight=256;exclusive=1",
        "edgeRequestKeepAliveStatus": 1,
        "requestHeaderNames": [
          ":method",
          ":authority",
          ":scheme",
          ":path",
          "sec-ch-ua",
          "sec-ch-ua-mobile",
          "sec-ch-ua-platform",
          "dnt",
          "upgrade-insecure-requests",
          "user-agent",
          "accept",
          "sec-fetch-site",
          "sec-fetch-mode",
          "sec-fetch-user",
          "sec-fetch-dest",
          "accept-encoding",
          "accept-language",
          "priority"
        ],
        "clientTcpRtt": 133,
        "clientQuicRtt": 0,
        "colo": "LHR",
        "asn": 37119,
        "asOrganization": "Customer Pool 1",
        "country": "AO",
        "isEUCountry": false,
        "city": "Luanda",
        "continent": "AF",
        "region": "Luanda",
        "regionCode": "LUA",
        "timezone": "Africa/Luanda",
        "longitude": "13.23432",
        "latitude": "-8.83682",
        "tlsVersion": "TLSv1.3",
        "tlsCipher": "AEAD-AES128-GCM-SHA256",
        "tlsClientRandom": "BrUmeMqCIfyTyTLAQBDvDPLFIM31Xk+SHNvQBZjB+6U=",
        "tlsClientCiphersSha1": "pdGcErBTDt22TM3jTvj6A2k54tY=",
        "tlsClientExtensionsSha1": "LTO+PWOuIOWl0Rp83pX+xI+T3ko=",
        "tlsClientExtensionsSha1Le": "MdzMfA5U/Co3u9chYJ6lw1nDKjw=",
        "tlsExportedAuthenticator": {
          "clientHandshake": "b7e153aac03576c0edde25c23ff29115e3da38a4cae06322e3944657460bba87",
          "serverHandshake": "31517f9e15ff72586dde446ca1bc34908c4c3c288c24dfbb1b89d41fa6d35f78",
          "clientFinished": "3dd575447d2c9dd24b098e346bfb89c93c79b0a94ac6dbcea43ab5d129159ff7",
          "serverFinished": "131ec7335f7a8faef08b38626c6c8d68af6bf0c10104426a579979daf443ed22"
        },
        "tlsClientHelloLength": "1745",
        "tlsClientAuth": {
          "certPresented": "0",
          "certVerified": "NONE",
          "certRevoked": "0",
          "certIssuerDN": "",
          "certSubjectDN": "",
          "certIssuerDNRFC2253": "",
          "certSubjectDNRFC2253": "",
          "certIssuerDNLegacy": "",
          "certSubjectDNLegacy": "",
          "certSerial": "",
          "certIssuerSerial": "",
          "certSKI": "",
          "certIssuerSKI": "",
          "certFingerprintSHA1": "",
          "certFingerprintSHA256": "",
          "certNotBefore": "",
          "certNotAfter": "",
          "certRFC9440": "",
          "certRFC9440TooLarge": false,
          "certChainRFC9440": "",
          "certChainRFC9440TooLarge": false
        },
        "verifiedBotCategory": "",
        "edgeL4": {
          "deliveryRate": 39921
        }
      }
    },
    "response": {
      "status": 404
    }
  }
}
{
  "wallTime": 1,
  "cpuTime": 0,
  "truncated": false,
  "executionModel": "stateless",
  "outcome": "ok",
  "scriptVersion": {
    "id": "889928a3-f398-4675-868f-18e57f09d8ad"
  },
  "scriptName": "isabel-api",
  "diagnosticsChannelEvents": [],
  "exceptions": [],
  "logs": [],
  "eventTimestamp": 1791467920632,
  "event": {
    "request": {
      "url": "https://isabel-api.chiquembaines.workers.dev/favicon.ico",
      "method": "GET",
      "headers": {
        "accept": "image/avif,image/webp,image/apng,image/svg+xml,image/*,*/*;q=0.8",
        "accept-encoding": "gzip, br",
        "accept-language": "pt-PT,pt;q=0.9,pt-BR;q=0.8,en;q=0.7,en-US;q=0.6,en-GB;q=0.5,pt-CH;q=0.4,pt-AO;q=0.3",
        "cf-connecting-ip": "105.168.36.48",
        "cf-ipcountry": "AO",
        "cf-ray": "a475a9679aa8d1fa",
        "cf-visitor": "{\"scheme\":\"https\"}",
        "connection": "Keep-Alive",
        "dnt": "1",
        "host": "isabel-api.chiquembaines.workers.dev",
        "priority": "u=1, i",
        "referer": "https://isabel-api.chiquembaines.workers.dev/",
        "sec-ch-ua": "\"Chromium\";v=\"154\", \"Microsoft Edge\";v=\"154\", \"Not A(Brand\";v=\"99\"",
        "sec-ch-ua-mobile": "?0",
        "sec-ch-ua-platform": "\"Windows\"",
        "sec-fetch-dest": "image",
        "sec-fetch-mode": "no-cors",
        "sec-fetch-site": "same-origin",
        "user-agent": "Mozilla/5.0 (Windows NT 10.0; Win64; x64) AppleWebKit/537.36 (KHTML, like Gecko) Chrome/154.0.0.0 Safari/537.36 Edg/154.0.0.0",
        "x-forwarded-proto": "https",
        "x-real-ip": "105.168.36.48"
      },
      "cf": {
        "httpProtocol": "HTTP/2",
        "clientAcceptEncoding": "gzip, deflate, br",
        "requestPriority": "weight=220;exclusive=1",
        "edgeRequestKeepAliveStatus": 1,
        "requestHeaderNames": [
          ":method",
          ":authority",
          ":scheme",
          ":path",
          "sec-ch-ua-platform",
          "user-agent",
          "sec-ch-ua",
          "dnt",
          "sec-ch-ua-mobile",
          "accept",
          "sec-fetch-site",
          "sec-fetch-mode",
          "sec-fetch-dest",
          "referer",
          "accept-encoding",
          "accept-language",
          "priority"
        ],
        "clientTcpRtt": 133,
        "clientQuicRtt": 0,
        "colo": "LHR",
        "asn": 37119,
        "asOrganization": "Customer Pool 1",
        "country": "AO",
        "isEUCountry": false,
        "city": "Luanda",
        "continent": "AF",
        "region": "Luanda",
        "regionCode": "LUA",
        "timezone": "Africa/Luanda",
        "longitude": "13.23432",
        "latitude": "-8.83682",
        "tlsVersion": "TLSv1.3",
        "tlsCipher": "AEAD-AES128-GCM-SHA256",
        "tlsClientRandom": "BrUmeMqCIfyTyTLAQBDvDPLFIM31Xk+SHNvQBZjB+6U=",
        "tlsClientCiphersSha1": "pdGcErBTDt22TM3jTvj6A2k54tY=",
        "tlsClientExtensionsSha1": "LTO+PWOuIOWl0Rp83pX+xI+T3ko=",
        "tlsClientExtensionsSha1Le": "MdzMfA5U/Co3u9chYJ6lw1nDKjw=",
        "tlsExportedAuthenticator": {
          "clientHandshake": "b7e153aac03576c0edde25c23ff29115e3da38a4cae06322e3944657460bba87",
          "serverHandshake": "31517f9e15ff72586dde446ca1bc34908c4c3c288c24dfbb1b89d41fa6d35f78",
          "clientFinished": "3dd575447d2c9dd24b098e346bfb89c93c79b0a94ac6dbcea43ab5d129159ff7",
          "serverFinished": "131ec7335f7a8faef08b38626c6c8d68af6bf0c10104426a579979daf443ed22"
        },
        "tlsClientHelloLength": "1745",
        "tlsClientAuth": {
          "certPresented": "0",
          "certVerified": "NONE",
          "certRevoked": "0",
          "certIssuerDN": "",
          "certSubjectDN": "",
          "certIssuerDNRFC2253": "",
          "certSubjectDNRFC2253": "",
          "certIssuerDNLegacy": "",
          "certSubjectDNLegacy": "",
          "certSerial": "",
          "certIssuerSerial": "",
          "certSKI": "",
          "certIssuerSKI": "",
          "certFingerprintSHA1": "",
          "certFingerprintSHA256": "",
          "certNotBefore": "",
          "certNotAfter": "",
          "certRFC9440": "",
          "certRFC9440TooLarge": false,
          "certChainRFC9440": "",
          "certChainRFC9440TooLarge": false
        },
        "verifiedBotCategory": "",
        "edgeL4": {
          "deliveryRate": 39921
        }
      }
    },
    "response": {
      "status": 404
    }
  }
}
{
  "wallTime": 9,
  "cpuTime": 7,
  "truncated": false,
  "executionModel": "stateless",
  "outcome": "ok",
  "scriptVersion": {
    "id": "889928a3-f398-4675-868f-18e57f09d8ad"
  },
  "scriptName": "isabel-api",
  "diagnosticsChannelEvents": [],
  "exceptions": [],
  "logs": [
    {
      "errorInfo": [
        {
          "name": "TypeError",
          "message": "sql.query is not a function",
          "stack": "    at Object.query (index.js:8441:62)\n    at index.js:10154:34\n    at dispatch (index.js:1843:21)\n    at index.js:1843:45\n    at index.js:10733:9\n    at dispatch (index.js:1843:21)\n    at index.js:1843:45\n    at cors (index.js:2774:11)\n    at async dispatch (index.js:1843:15)\n    at async index.js:2160:26"
        }
      ],
      "message": [
        "TypeError: sql.query is not a function"
      ],
      "level": "error",
      "timestamp": 1791467942183
    }
  ],
  "eventTimestamp": 1791467942105,
  "event": {
    "request": {
      "url": "https://isabel-api.chiquembaines.workers.dev/api/categories?store_type=beleza",
      "method": "GET",
      "headers": {
        "accept": "text/plain;q=1.0, text/markdown;q=0.9, text/html;q=0.8, */*;q=0.1",
        "accept-encoding": "gzip, br",
        "accept-language": "en-US,en;q=0.9",
        "b3": "2d84ed8799329dc63e7306c44a35fdc7-5d84b295ce9b4c98-1-0a6a50bd2604bb59",
        "cf-connecting-ip": "105.168.36.48",
        "cf-ipcountry": "AO",
        "cf-ray": "a475a9ee0ab3ef54",
        "cf-visitor": "{\"scheme\":\"https\"}",
        "connection": "Keep-Alive",
        "host": "isabel-api.chiquembaines.workers.dev",
        "traceparent": "00-2d84ed8799329dc63e7306c44a35fdc7-5d84b295ce9b4c98-01",
        "user-agent": "Mozilla/5.0 (Windows NT 10.0; Win64; x64) AppleWebKit/537.36 (KHTML, like Gecko) Chrome/143.0.0.0 Safari/537.36",
        "x-forwarded-proto": "https",
        "x-real-ip": "105.168.36.48"
      },
      "cf": {
        "httpProtocol": "HTTP/1.1",
        "clientAcceptEncoding": "gzip, deflate, br",
        "requestPriority": "",
        "edgeRequestKeepAliveStatus": 1,
        "requestHeaderNames": [
          "Accept",
          "Accept-Language",
          "User-Agent",
          "b3",
          "traceparent",
          "Connection",
          "Host",
          "Accept-Encoding"
        ],
        "clientTcpRtt": 148,
        "clientQuicRtt": 0,
        "colo": "LHR",
        "asn": 37119,
        "asOrganization": "Customer Pool 1",
        "country": "AO",
        "isEUCountry": false,
        "city": "Luanda",
        "continent": "AF",
        "region": "Luanda",
        "regionCode": "LUA",
        "timezone": "Africa/Luanda",
        "longitude": "13.23432",
        "latitude": "-8.83682",
        "tlsVersion": "TLSv1.3",
        "tlsCipher": "AEAD-AES128-GCM-SHA256",
        "tlsClientRandom": "0KeREC5LeENjv9VP0q7e8WtepCcydNySNnVe9xez2CM=",
        "tlsClientCiphersSha1": "z756bn+x21PiebYy319nCdFpEYo=",
        "tlsClientExtensionsSha1": "WWbSthm5fX2IyMecDOgDUYNG42M=",
        "tlsClientExtensionsSha1Le": "x3C9wOJ4WRKMb/1vBgvNLe8J+Ok=",
        "tlsExportedAuthenticator": {
          "clientHandshake": "98e59f94ae7947bcbb98a92ca7b02f0d9865301d21821a27131c83605cb0bc97",
          "serverHandshake": "e0a0c0c15bf4a18bff5bdb11297dbad9eb97e6d2b896679021cf6a3d1e7f3528",
          "clientFinished": "3684bdb30febe0e9e172f70e196526517852bf333a69f1fea27db6ec3ac5c3d1",
          "serverFinished": "f37b62f6ffd174cfc7b81e6d4529cb4eb764d0752e5fc0b61065f6d18777623e"
        },
        "tlsClientHelloLength": "508",
        "tlsClientAuth": {
          "certPresented": "0",
          "certVerified": "NONE",
          "certRevoked": "0",
          "certIssuerDN": "",
          "certSubjectDN": "",
          "certIssuerDNRFC2253": "",
          "certSubjectDNRFC2253": "",
          "certIssuerDNLegacy": "",
          "certSubjectDNLegacy": "",
          "certSerial": "",
          "certIssuerSerial": "",
          "certSKI": "",
          "certIssuerSKI": "",
          "certFingerprintSHA1": "",
          "certFingerprintSHA256": "",
          "certNotBefore": "",
          "certNotAfter": "",
          "certRFC9440": "",
          "certRFC9440TooLarge": false,
          "certChainRFC9440": "",
          "certChainRFC9440TooLarge": false
        },
        "verifiedBotCategory": "",
        "edgeL4": {
          "deliveryRate": 39894
        }
      }
    },
    "response": {
      "status": 500
    }
  }
}
{
  "wallTime": 2,
  "cpuTime": 1,
  "truncated": false,
  "executionModel": "stateless",
  "outcome": "ok",
  "scriptVersion": {
    "id": "889928a3-f398-4675-868f-18e57f09d8ad"
  },
  "scriptName": "isabel-api",
  "diagnosticsChannelEvents": [],
  "exceptions": [],
  "logs": [],
  "eventTimestamp": 1791468007409,
  "event": {
    "request": {
      "url": "https://isabel-api.chiquembaines.workers.dev/",
      "method": "GET",
      "headers": {
        "accept": "text/html,application/xhtml+xml,application/xml;q=0.9,image/avif,image/webp,image/apng,*/*;q=0.8,application/signed-exchange;v=b3;q=0.7",
        "accept-encoding": "gzip, br",
        "accept-language": "pt-PT,pt;q=0.9,pt-BR;q=0.8,en;q=0.7,en-US;q=0.6,en-GB;q=0.5,pt-CH;q=0.4,pt-AO;q=0.3",
        "cache-control": "max-age=0",
        "cf-connecting-ip": "105.168.36.48",
        "cf-ipcountry": "AO",
        "cf-ray": "a475ab85d83ad1fa",
        "cf-visitor": "{\"scheme\":\"https\"}",
        "connection": "Keep-Alive",
        "dnt": "1",
        "host": "isabel-api.chiquembaines.workers.dev",
        "priority": "u=0, i",
        "sec-ch-ua": "\"Chromium\";v=\"154\", \"Microsoft Edge\";v=\"154\", \"Not A(Brand\";v=\"99\"",
        "sec-ch-ua-mobile": "?0",
        "sec-ch-ua-platform": "\"Windows\"",
        "sec-fetch-dest": "document",
        "sec-fetch-mode": "navigate",
        "sec-fetch-site": "cross-site",
        "sec-fetch-user": "?1",
        "upgrade-insecure-requests": "1",
        "user-agent": "Mozilla/5.0 (Windows NT 10.0; Win64; x64) AppleWebKit/537.36 (KHTML, like Gecko) Chrome/154.0.0.0 Safari/537.36 Edg/154.0.0.0",
        "x-forwarded-proto": "https",
        "x-real-ip": "105.168.36.48"
      },
      "cf": {
        "httpProtocol": "HTTP/2",
        "clientAcceptEncoding": "gzip, deflate, br",
        "requestPriority": "weight=256;exclusive=1",
        "edgeRequestKeepAliveStatus": 1,
        "requestHeaderNames": [
          ":method",
          ":authority",
          ":scheme",
          ":path",
          "cache-control",
          "sec-ch-ua",
          "sec-ch-ua-mobile",
          "sec-ch-ua-platform",
          "dnt",
          "upgrade-insecure-requests",
          "user-agent",
          "accept",
          "sec-fetch-site",
          "sec-fetch-mode",
          "sec-fetch-user",
          "sec-fetch-dest",
          "accept-encoding",
          "accept-language",
          "priority"
        ],
        "clientTcpRtt": 134,
        "clientQuicRtt": 0,
        "colo": "LHR",
        "asn": 37119,
        "asOrganization": "Customer Pool 1",
        "country": "AO",
        "isEUCountry": false,
        "city": "Luanda",
        "continent": "AF",
        "region": "Luanda",
        "regionCode": "LUA",
        "timezone": "Africa/Luanda",
        "longitude": "13.23432",
        "latitude": "-8.83682",
        "tlsVersion": "TLSv1.3",
        "tlsCipher": "AEAD-AES128-GCM-SHA256",
        "tlsClientRandom": "BrUmeMqCIfyTyTLAQBDvDPLFIM31Xk+SHNvQBZjB+6U=",
        "tlsClientCiphersSha1": "pdGcErBTDt22TM3jTvj6A2k54tY=",
        "tlsClientExtensionsSha1": "LTO+PWOuIOWl0Rp83pX+xI+T3ko=",
        "tlsClientExtensionsSha1Le": "MdzMfA5U/Co3u9chYJ6lw1nDKjw=",
        "tlsExportedAuthenticator": {
          "clientHandshake": "b7e153aac03576c0edde25c23ff29115e3da38a4cae06322e3944657460bba87",
          "serverHandshake": "31517f9e15ff72586dde446ca1bc34908c4c3c288c24dfbb1b89d41fa6d35f78",
          "clientFinished": "3dd575447d2c9dd24b098e346bfb89c93c79b0a94ac6dbcea43ab5d129159ff7",
          "serverFinished": "131ec7335f7a8faef08b38626c6c8d68af6bf0c10104426a579979daf443ed22"
        },
        "tlsClientHelloLength": "1745",
        "tlsClientAuth": {
          "certPresented": "0",
          "certVerified": "NONE",
          "certRevoked": "0",
          "certIssuerDN": "",
          "certSubjectDN": "",
          "certIssuerDNRFC2253": "",
          "certSubjectDNRFC2253": "",
          "certIssuerDNLegacy": "",
          "certSubjectDNLegacy": "",
          "certSerial": "",
          "certIssuerSerial": "",
          "certSKI": "",
          "certIssuerSKI": "",
          "certFingerprintSHA1": "",
          "certFingerprintSHA256": "",
          "certNotBefore": "",
          "certNotAfter": "",
          "certRFC9440": "",
          "certRFC9440TooLarge": false,
          "certChainRFC9440": "",
          "certChainRFC9440TooLarge": false
        },
        "verifiedBotCategory": "",
        "edgeL4": {
          "deliveryRate": 39921
        }
      }
    },
    "response": {
      "status": 404
    }
  }
}
{
  "wallTime": 14,
  "cpuTime": 8,
  "truncated": false,
  "executionModel": "stateless",
  "outcome": "ok",
  "scriptVersion": {
    "id": "0a4a8c7a-432b-4dca-838a-c0da2cbb9a44"
  },
  "scriptName": "isabel-api",
  "diagnosticsChannelEvents": [],
  "exceptions": [],
  "logs": [],
  "eventTimestamp": 1791468357120,
  "event": {
    "request": {
      "url": "https://isabel-api.chiquembaines.workers.dev/",
      "method": "GET",
      "headers": {
        "accept": "text/html,application/xhtml+xml,application/xml;q=0.9,image/avif,image/webp,image/apng,*/*;q=0.8,application/signed-exchange;v=b3;q=0.7",
        "accept-encoding": "gzip, br",
        "accept-language": "pt-PT,pt;q=0.9,pt-BR;q=0.8,en;q=0.7,en-US;q=0.6,en-GB;q=0.5,pt-CH;q=0.4,pt-AO;q=0.3",
        "cache-control": "max-age=0",
        "cf-connecting-ip": "105.168.36.48",
        "cf-ipcountry": "AO",
        "cf-ray": "a475b40fbc04d1fa",
        "cf-visitor": "{\"scheme\":\"https\"}",
        "connection": "Keep-Alive",
        "dnt": "1",
        "host": "isabel-api.chiquembaines.workers.dev",
        "priority": "u=0, i",
        "sec-ch-ua": "\"Chromium\";v=\"154\", \"Microsoft Edge\";v=\"154\", \"Not A(Brand\";v=\"99\"",
        "sec-ch-ua-mobile": "?0",
        "sec-ch-ua-platform": "\"Windows\"",
        "sec-fetch-dest": "document",
        "sec-fetch-mode": "navigate",
        "sec-fetch-site": "cross-site",
        "sec-fetch-user": "?1",
        "upgrade-insecure-requests": "1",
        "user-agent": "Mozilla/5.0 (Windows NT 10.0; Win64; x64) AppleWebKit/537.36 (KHTML, like Gecko) Chrome/154.0.0.0 Safari/537.36 Edg/154.0.0.0",
        "x-forwarded-proto": "https",
        "x-real-ip": "105.168.36.48"
      },
      "cf": {
        "httpProtocol": "HTTP/2",
        "clientAcceptEncoding": "gzip, deflate, br",
        "requestPriority": "weight=256;exclusive=1",
        "edgeRequestKeepAliveStatus": 1,
        "requestHeaderNames": [
          ":method",
          ":authority",
          ":scheme",
          ":path",
          "cache-control",
          "sec-ch-ua",
          "sec-ch-ua-mobile",
          "sec-ch-ua-platform",
          "dnt",
          "upgrade-insecure-requests",
          "user-agent",
          "accept",
          "sec-fetch-site",
          "sec-fetch-mode",
          "sec-fetch-user",
          "sec-fetch-dest",
          "accept-encoding",
          "accept-language",
          "priority"
        ],
        "clientTcpRtt": 143,
        "clientQuicRtt": 0,
        "colo": "LHR",
        "asn": 37119,
        "asOrganization": "Customer Pool 1",
        "country": "AO",
        "isEUCountry": false,
        "city": "Luanda",
        "continent": "AF",
        "region": "Luanda",
        "regionCode": "LUA",
        "timezone": "Africa/Luanda",
        "longitude": "13.23432",
        "latitude": "-8.83682",
        "tlsVersion": "TLSv1.3",
        "tlsCipher": "AEAD-AES128-GCM-SHA256",
        "tlsClientRandom": "BrUmeMqCIfyTyTLAQBDvDPLFIM31Xk+SHNvQBZjB+6U=",
        "tlsClientCiphersSha1": "pdGcErBTDt22TM3jTvj6A2k54tY=",
        "tlsClientExtensionsSha1": "LTO+PWOuIOWl0Rp83pX+xI+T3ko=",
        "tlsClientExtensionsSha1Le": "MdzMfA5U/Co3u9chYJ6lw1nDKjw=",
        "tlsExportedAuthenticator": {
          "clientHandshake": "b7e153aac03576c0edde25c23ff29115e3da38a4cae06322e3944657460bba87",
          "serverHandshake": "31517f9e15ff72586dde446ca1bc34908c4c3c288c24dfbb1b89d41fa6d35f78",
          "clientFinished": "3dd575447d2c9dd24b098e346bfb89c93c79b0a94ac6dbcea43ab5d129159ff7",
          "serverFinished": "131ec7335f7a8faef08b38626c6c8d68af6bf0c10104426a579979daf443ed22"
        },
        "tlsClientHelloLength": "1745",
        "tlsClientAuth": {
          "certPresented": "0",
          "certVerified": "NONE",
          "certRevoked": "0",
          "certIssuerDN": "",
          "certSubjectDN": "",
          "certIssuerDNRFC2253": "",
          "certSubjectDNRFC2253": "",
          "certIssuerDNLegacy": "",
          "certSubjectDNLegacy": "",
          "certSerial": "",
          "certIssuerSerial": "",
          "certSKI": "",
          "certIssuerSKI": "",
          "certFingerprintSHA1": "",
          "certFingerprintSHA256": "",
          "certNotBefore": "",
          "certNotAfter": "",
          "certRFC9440": "",
          "certRFC9440TooLarge": false,
          "certChainRFC9440": "",
          "certChainRFC9440TooLarge": false
        },
        "verifiedBotCategory": "",
        "edgeL4": {
          "deliveryRate": 39921
        }
      }
    },
    "response": {
      "status": 404
    }
  }
}
{
  "wallTime": 1616,
  "cpuTime": 14,
  "truncated": false,
  "executionModel": "stateless",
  "outcome": "ok",
  "scriptVersion": {
    "id": "0a4a8c7a-432b-4dca-838a-c0da2cbb9a44"
  },
  "scriptName": "isabel-api",
  "diagnosticsChannelEvents": [],
  "exceptions": [],
  "logs": [],
  "eventTimestamp": 1791468359202,
  "event": {
    "request": {
      "url": "https://isabel-api.chiquembaines.workers.dev/api/categories?store_type=beleza",
      "method": "GET",
      "headers": {
        "accept": "text/plain;q=1.0, text/markdown;q=0.9, text/html;q=0.8, */*;q=0.1",
        "accept-encoding": "gzip, br",
        "accept-language": "en-US,en;q=0.9",
        "b3": "2d84ed8799329dc63e7306c44a35fdc7-b182018d08ce1772-1-4d88cceff7cf7962",
        "cf-connecting-ip": "105.168.36.48",
        "cf-ipcountry": "AO",
        "cf-ray": "a475b41ca8c43864",
        "cf-visitor": "{\"scheme\":\"https\"}",
        "connection": "Keep-Alive",
        "host": "isabel-api.chiquembaines.workers.dev",
        "traceparent": "00-2d84ed8799329dc63e7306c44a35fdc7-b182018d08ce1772-01",
        "user-agent": "Mozilla/5.0 (Windows NT 10.0; Win64; x64) AppleWebKit/537.36 (KHTML, like Gecko) Chrome/143.0.0.0 Safari/537.36",
        "x-forwarded-proto": "https",
        "x-real-ip": "105.168.36.48"
      },
      "cf": {
        "httpProtocol": "HTTP/1.1",
        "clientAcceptEncoding": "gzip, deflate, br",
        "requestPriority": "",
        "edgeRequestKeepAliveStatus": 1,
        "requestHeaderNames": [
          "Accept",
          "Accept-Language",
          "User-Agent",
          "b3",
          "traceparent",
          "Connection",
          "Host",
          "Accept-Encoding"
        ],
        "clientTcpRtt": 143,
        "clientQuicRtt": 0,
        "colo": "LHR",
        "asn": 37119,
        "asOrganization": "Customer Pool 1",
        "country": "AO",
        "isEUCountry": false,
        "city": "Luanda",
        "continent": "AF",
        "region": "Luanda",
        "regionCode": "LUA",
        "timezone": "Africa/Luanda",
        "longitude": "13.23432",
        "latitude": "-8.83682",
        "tlsVersion": "TLSv1.3",
        "tlsCipher": "AEAD-AES128-GCM-SHA256",
        "tlsClientRandom": "vey8b2+sr0taQx4km6MDmfbWSfbMbNdi9oNIMyypTI4=",
        "tlsClientCiphersSha1": "z756bn+x21PiebYy319nCdFpEYo=",
        "tlsClientExtensionsSha1": "WWbSthm5fX2IyMecDOgDUYNG42M=",
        "tlsClientExtensionsSha1Le": "x3C9wOJ4WRKMb/1vBgvNLe8J+Ok=",
        "tlsExportedAuthenticator": {
          "clientHandshake": "55566558fe9bf2deaa5e39fe6b5894ea2e4e2b50e4fd679535906da918bee90c",
          "serverHandshake": "da4d112aab41b85fc46a46a175e63d8c199e02b3fe9bb3a0843c5565893d9cdd",
          "clientFinished": "228bb0cdd6272da2bcd9ad39d51243557aa310c1e162245391fac0e4d29e9ac8",
          "serverFinished": "b710c2437a622316fbb78b64f4d94f805476f3bf24e03ecdea65156ce4336371"
        },
        "tlsClientHelloLength": "508",
        "tlsClientAuth": {
          "certPresented": "0",
          "certVerified": "NONE",
          "certRevoked": "0",
          "certIssuerDN": "",
          "certSubjectDN": "",
          "certIssuerDNRFC2253": "",
          "certSubjectDNRFC2253": "",
          "certIssuerDNLegacy": "",
          "certSubjectDNLegacy": "",
          "certSerial": "",
          "certIssuerSerial": "",
          "certSKI": "",
          "certIssuerSKI": "",
          "certFingerprintSHA1": "",
          "certFingerprintSHA256": "",
          "certNotBefore": "",
          "certNotAfter": "",
          "certRFC9440": "",
          "certRFC9440TooLarge": false,
          "certChainRFC9440": "",
          "certChainRFC9440TooLarge": false
        },
        "verifiedBotCategory": "",
        "edgeL4": {
          "deliveryRate": 30648
        }
      }
    },
    "response": {
      "status": 200
    }
  }
}
{
  "wallTime": 677,
  "cpuTime": 8,
  "truncated": false,
  "executionModel": "stateless",
  "outcome": "ok",
  "scriptVersion": {
    "id": "0a4a8c7a-432b-4dca-838a-c0da2cbb9a44"
  },
  "scriptName": "isabel-api",
  "diagnosticsChannelEvents": [],
  "exceptions": [],
  "logs": [],
  "eventTimestamp": 1791468409652,
  "event": {
    "request": {
      "url": "https://isabel-api.chiquembaines.workers.dev/api/stores?store_type=beleza&limit=2",
      "method": "GET",
      "headers": {
        "accept": "*/*",
        "accept-encoding": "gzip, br",
        "cf-connecting-ip": "105.168.36.48",
        "cf-ipcountry": "AO",
        "cf-ray": "a475b5583b25ef46",
        "cf-visitor": "{\"scheme\":\"https\"}",
        "connection": "Keep-Alive",
        "host": "isabel-api.chiquembaines.workers.dev",
        "user-agent": "python-requests/2.34.2",
        "x-forwarded-proto": "https",
        "x-real-ip": "105.168.36.48"
      },
      "cf": {
        "httpProtocol": "HTTP/1.1",
        "clientAcceptEncoding": "gzip, deflate",
        "requestPriority": "",
        "edgeRequestKeepAliveStatus": 1,
        "requestHeaderNames": [
          "Host",
          "User-Agent",
          "Accept-Encoding",
          "Accept",
          "Connection"
        ],
        "clientTcpRtt": 139,
        "clientQuicRtt": 0,
        "colo": "LHR",
        "asn": 37119,
        "asOrganization": "Customer Pool 1",
        "country": "AO",
        "isEUCountry": false,
        "city": "Luanda",
        "continent": "AF",
        "region": "Luanda",
        "regionCode": "LUA",
        "timezone": "Africa/Luanda",
        "longitude": "13.23432",
        "latitude": "-8.83682",
        "tlsVersion": "TLSv1.3",
        "tlsCipher": "AEAD-AES256-GCM-SHA384",
        "tlsClientRandom": "uRk0x94UnG9tdbuoa+Ac75utXqMdC0xpNpCTnjq/t8Q=",
        "tlsClientCiphersSha1": "PPJlK7s0reMX4JkzHIaXBcX3W2k=",
        "tlsClientExtensionsSha1": "tlH5gnoC5Z1HF45J5OgHEi338V0=",
        "tlsClientExtensionsSha1Le": "mRCkyUCRFDTLCNHGQsZNFhkU1/4=",
        "tlsExportedAuthenticator": {
          "clientHandshake": "6bf896573d9036af033855df5b58b8ccee4c337fee89e2e4a97bcfc0b5c913b2beba096576ee9e0a3c8f294b9b1d55d1",
          "serverHandshake": "99801282827e1bf520fc3e50783ef01841edb92a67a36117388e4cbdcd3e36dd2ee5c83ad3ab61e1901b1457a960bb60",
          "clientFinished": "6ecb7df4ec91780ed319f4a8a8207029e2955191bec8ae9eda4c2796cc27f63bfdda932b63b9c19671447f2a6d83f830",
          "serverFinished": "29a9ca4cef2a698c15719787dc3e80f87d95a3175d64570ee196a0882ac59f315d957b52eca7d81fddf79f79e424ab03"
        },
        "tlsClientHelloLength": "508",
        "tlsClientAuth": {
          "certPresented": "0",
          "certVerified": "NONE",
          "certRevoked": "0",
          "certIssuerDN": "",
          "certSubjectDN": "",
          "certIssuerDNRFC2253": "",
          "certSubjectDNRFC2253": "",
          "certIssuerDNLegacy": "",
          "certSubjectDNLegacy": "",
          "certSerial": "",
          "certIssuerSerial": "",
          "certSKI": "",
          "certIssuerSKI": "",
          "certFingerprintSHA1": "",
          "certFingerprintSHA256": "",
          "certNotBefore": "",
          "certNotAfter": "",
          "certRFC9440": "",
          "certRFC9440TooLarge": false,
          "certChainRFC9440": "",
          "certChainRFC9440TooLarge": false
        },
        "verifiedBotCategory": "",
        "edgeL4": {
          "deliveryRate": 27836
        }
      }
    },
    "response": {
      "status": 200
    }
  }
}
{
  "wallTime": 410,
  "cpuTime": 9,
  "truncated": false,
  "executionModel": "stateless",
  "outcome": "ok",
  "scriptVersion": {
    "id": "0a4a8c7a-432b-4dca-838a-c0da2cbb9a44"
  },
  "scriptName": "isabel-api",
  "diagnosticsChannelEvents": [],
  "exceptions": [],
  "logs": [],
  "eventTimestamp": 1791468411560,
  "event": {
    "request": {
      "url": "https://isabel-api.chiquembaines.workers.dev/api/products?store_type=beleza&limit=2",
      "method": "GET",
      "headers": {
        "accept": "*/*",
        "accept-encoding": "gzip, br",
        "cf-connecting-ip": "105.168.36.48",
        "cf-ipcountry": "AO",
        "cf-ray": "a475b5643897f8ba",
        "cf-visitor": "{\"scheme\":\"https\"}",
        "connection": "Keep-Alive",
        "host": "isabel-api.chiquembaines.workers.dev",
        "user-agent": "python-requests/2.34.2",
        "x-forwarded-proto": "https",
        "x-real-ip": "105.168.36.48"
      },
      "cf": {
        "httpProtocol": "HTTP/1.1",
        "clientAcceptEncoding": "gzip, deflate",
        "requestPriority": "",
        "edgeRequestKeepAliveStatus": 1,
        "requestHeaderNames": [
          "Host",
          "User-Agent",
          "Accept-Encoding",
          "Accept",
          "Connection"
        ],
        "clientTcpRtt": 188,
        "clientQuicRtt": 0,
        "colo": "LHR",
        "asn": 37119,
        "asOrganization": "Customer Pool 1",
        "country": "AO",
        "isEUCountry": false,
        "city": "Luanda",
        "continent": "AF",
        "region": "Luanda",
        "regionCode": "LUA",
        "timezone": "Africa/Luanda",
        "longitude": "13.23432",
        "latitude": "-8.83682",
        "tlsVersion": "TLSv1.3",
        "tlsCipher": "AEAD-AES256-GCM-SHA384",
        "tlsClientRandom": "do4HvWTpGV8FSA05wU25ZCwZOZSvyY4LaI3LkWuS7j0=",
        "tlsClientCiphersSha1": "PPJlK7s0reMX4JkzHIaXBcX3W2k=",
        "tlsClientExtensionsSha1": "tlH5gnoC5Z1HF45J5OgHEi338V0=",
        "tlsClientExtensionsSha1Le": "mRCkyUCRFDTLCNHGQsZNFhkU1/4=",
        "tlsExportedAuthenticator": {
          "clientHandshake": "e957633d9202c8a65d55812709b37dfffe547e81da6786ec8addfab388732a614c74763654f6bba138bcff54be0ed9e8",
          "serverHandshake": "de31eb4d0d7d9f9a0e698b2b4dc988156e6fa654631c69540ab0bd12a348cfa9ebb50878d77c9ef782acad0e6b96fe00",
          "clientFinished": "728435aa95d7df7a385f76f5916496a3b130ada4c29dbfe443b41a190228f6aa6041f30904cf4352bddeb42e4d251f0c",
          "serverFinished": "bc0beb8cb889b6ed40085b9e35cd5e4134b3d8e247fb46b11e3b3f70fb5ecea23422e7ba0446f9b185e602ad8269a7d1"
        },
        "tlsClientHelloLength": "508",
        "tlsClientAuth": {
          "certPresented": "0",
          "certVerified": "NONE",
          "certRevoked": "0",
          "certIssuerDN": "",
          "certSubjectDN": "",
          "certIssuerDNRFC2253": "",
          "certSubjectDNRFC2253": "",
          "certIssuerDNLegacy": "",
          "certSubjectDNLegacy": "",
          "certSerial": "",
          "certIssuerSerial": "",
          "certSKI": "",
          "certIssuerSKI": "",
          "certFingerprintSHA1": "",
          "certFingerprintSHA256": "",
          "certNotBefore": "",
          "certNotAfter": "",
          "certRFC9440": "",
          "certRFC9440TooLarge": false,
          "certChainRFC9440": "",
          "certChainRFC9440TooLarge": false
        },
        "verifiedBotCategory": "",
        "edgeL4": {
          "deliveryRate": 23176
        }
      }
    },
    "response": {
      "status": 200
    }
  }
}
{
  "wallTime": 386,
  "cpuTime": 4,
  "truncated": false,
  "executionModel": "stateless",
  "outcome": "ok",
  "scriptVersion": {
    "id": "0a4a8c7a-432b-4dca-838a-c0da2cbb9a44"
  },
  "scriptName": "isabel-api",
  "diagnosticsChannelEvents": [],
  "exceptions": [],
  "logs": [],
  "eventTimestamp": 1791468413153,
  "event": {
    "request": {
      "url": "https://isabel-api.chiquembaines.workers.dev/api/stats",
      "method": "GET",
      "headers": {
        "accept": "*/*",
        "accept-encoding": "gzip, br",
        "cf-connecting-ip": "105.168.36.48",
        "cf-ipcountry": "AO",
        "cf-ray": "a475b56e0f58faa5",
        "cf-visitor": "{\"scheme\":\"https\"}",
        "connection": "Keep-Alive",
        "host": "isabel-api.chiquembaines.workers.dev",
        "user-agent": "python-requests/2.34.2",
        "x-forwarded-proto": "https",
        "x-real-ip": "105.168.36.48"
      },
      "cf": {
        "httpProtocol": "HTTP/1.1",
        "clientAcceptEncoding": "gzip, deflate",
        "requestPriority": "",
        "edgeRequestKeepAliveStatus": 1,
        "requestHeaderNames": [
          "Host",
          "User-Agent",
          "Accept-Encoding",
          "Accept",
          "Connection"
        ],
        "clientTcpRtt": 136,
        "clientQuicRtt": 0,
        "colo": "LHR",
        "asn": 37119,
        "asOrganization": "Customer Pool 1",
        "country": "AO",
        "isEUCountry": false,
        "city": "Luanda",
        "continent": "AF",
        "region": "Luanda",
        "regionCode": "LUA",
        "timezone": "Africa/Luanda",
        "longitude": "13.23432",
        "latitude": "-8.83682",
        "tlsVersion": "TLSv1.3",
        "tlsCipher": "AEAD-AES256-GCM-SHA384",
        "tlsClientRandom": "wpZ4YdacSm0BZwurXoHUckdzhjR/9r5fOFughGzjfIM=",
        "tlsClientCiphersSha1": "PPJlK7s0reMX4JkzHIaXBcX3W2k=",
        "tlsClientExtensionsSha1": "tlH5gnoC5Z1HF45J5OgHEi338V0=",
        "tlsClientExtensionsSha1Le": "mRCkyUCRFDTLCNHGQsZNFhkU1/4=",
        "tlsExportedAuthenticator": {
          "clientHandshake": "d8205cb340f8e6bb55bc0bfc2d4d1013545df7b70c686fec79f49640a6c84a129c6e03a0292e66058e7a9a12b7a8dda9",
          "serverHandshake": "34e9bc5eedf7c3084f92ddcac0c60ffbe92fa99f36ec263d239afaa841955ee2b550e0c70299bf77921b2511d4bfdfa7",
          "clientFinished": "796025fbd90884cf88694966400e0c97bc18e5c109ec24e54502529075fcf3d9912e8c89156c113361806c27bd36e97d",
          "serverFinished": "06bd2c4a85c4ebc7d3edd0bc5dd446f59e0c6fe4c42dedfefefdd2a3f9d04484f20bd327b36ebb96c9a23b3f63b761b4"
        },
        "tlsClientHelloLength": "508",
        "tlsClientAuth": {
          "certPresented": "0",
          "certVerified": "NONE",
          "certRevoked": "0",
          "certIssuerDN": "",
          "certSubjectDN": "",
          "certIssuerDNRFC2253": "",
          "certSubjectDNRFC2253": "",
          "certIssuerDNLegacy": "",
          "certSubjectDNLegacy": "",
          "certSerial": "",
          "certIssuerSerial": "",
          "certSKI": "",
          "certIssuerSKI": "",
          "certFingerprintSHA1": "",
          "certFingerprintSHA256": "",
          "certNotBefore": "",
          "certNotAfter": "",
          "certRFC9440": "",
          "certRFC9440TooLarge": false,
          "certChainRFC9440": "",
          "certChainRFC9440TooLarge": false
        },
        "verifiedBotCategory": "",
        "edgeL4": {
          "deliveryRate": 27776
        }
      }
    },
    "response": {
      "status": 200
    }
  }
}
